[118] creation 4586, exit 4674, response 88, execution 2, wait 90, io 41
[131] creation 4593, exit 4746, response 153, execution 1, wait 97, io 55
[140] creation 4599, exit 4814, response 215, execution 1, wait 117, io 97
[174] creation 4622, exit 4852, response 230, execution 0, wait 134, io 96
[161] creation 4614, exit 4884, response 270, execution 1, wait 173, io 96
[159] creation 4613, exit 4915, response 302, execution 2, wait 203, io 97
[165] creation 4616, exit 4952, response 336, execution 1, wait 239, io 96
[170] creation 4619, exit 4995, response 376, execution 1, wait 279, io 96
[156] creation 4611, exit 5029, response 418, execution 5, wait 309, io 104
[142] creation 4601, exit 5233, response 632, execution 11, wait 534, io 1164
[115] creation 4584, exit 5929, response 1345, execution 51, wait 1300, io 377
[116] creation 4585, exit 6271, response 1686, execution 93, wait 1602, io 34
[125] creation 4590, exit 5855, response 1265, execution 42, wait 1239, io 447
[127] creation 4591, exit 6323, response 1732, execution 1, wait 239, io 1492
[144] creation 4602, exit 5846, response 1244, execution 29, wait 1147, io 551
[121] creation 4588, exit 6331, response 1743, execution 102, wait 1641, io 0
[148] creation 4605, exit 6054, response 1449, execution 49, wait 1326, io 357
[154] creation 4610, exit 5976, response 1366, execution 40, wait 1263, io 431
[111] creation 4579, exit 6346, response 1767, execution 19, wait 29, io 1719
[163] creation 4615, exit 5115, response 500, execution 4, wait 455, io 1279
[167] creation 4617, exit 5251, response 634, execution 6, wait 595, io 1143
[172] creation 4620, exit 6144, response 1524, execution 55, wait 1443, io 250
[173] creation 4621, exit 5168, response 547, execution 3, wait 526, io 1226
[112] creation 4581, exit 6377, response 1796, execution 12, wait 42, io 1742
[196] creation 4644, exit 6914, response 2270, execution 1, wait 449, io 1899
[113] creation 4582, exit 6734, response 2152, execution 220, wait 1956, io 236
[123] creation 4589, exit 6728, response 2139, execution 83, wait 2005, io 319
[135] creation 4596, exit 6507, response 1911, execution 118, wait 1756, io 529
[137] creation 4597, exit 6675, response 2078, execution 152, wait 1878, io 375
[151] creation 4607, exit 6648, response 2041, execution 139, wait 1829, io 430
[153] creation 4609, exit 6736, response 2127, execution 169, wait 1888, io 342
[176] creation 4624, exit 6875, response 2251, execution 17, wait 598, io 1773
[177] creation 4625, exit 6896, response 2271, execution 22, wait 607, io 1762
[178] creation 4626, exit 6973, response 2347, execution 31, wait 670, io 1693
[179] creation 4627, exit 6837, response 2210, execution 10, wait 577, io 1810
[180] creation 4628, exit 6882, response 2254, execution 17, wait 605, io 1778
[181] creation 4629, exit 6805, response 2176, execution 6, wait 554, io 1843
[182] creation 4630, exit 6861, response 2231, execution 13, wait 594, io 1799
[183] creation 4631, exit 6824, response 2193, execution 8, wait 578, io 1823
[184] creation 4632, exit 7044, response 2412, execution 1, wait 599, io 1812
[187] creation 4635, exit 6927, response 2292, execution 24, wait 648, io 1742
[191] creation 4639, exit 6912, response 2273, execution 1, wait 515, io 1901
[114] creation 4583, exit 7649, response 3066, execution 2, wait 151, io 2913
[129] creation 4592, exit 7650, response 3058, execution 2, wait 202, io 2854
[185] creation 4633, exit 7655, response 3022, execution 1, wait 531, io 2490
[186] creation 4634, exit 7335, response 2701, execution 61, wait 979, io 1985
[192] creation 4640, exit 7124, response 2484, execution 18, wait 678, io 2330
[194] creation 4642, exit 7627, response 2985, execution 67, wait 1130, io 1835
[197] creation 4645, exit 7691, response 3046, execution 70, wait 1154, io 1822
[175] creation 4623, exit 7704, response 3081, execution 76, wait 1521, io 1484
[146] creation 4604, exit 7739, response 3135, execution 83, wait 1295, io 1757
[189] creation 4637, exit 7750, response 3113, execution 82, wait 1266, io 1765
[195] creation 4643, exit 7833, response 3190, execution 1, wait 654, io 2535
[133] creation 4594, exit 7912, response 3318, execution 116, wait 1447, io 1755
[203] creation 4651, exit 7943, response 3292, execution 87, wait 1213, io 1992
[190] creation 4638, exit 7949, response 3311, execution 116, wait 1377, io 1822
[198] creation 4646, exit 8000, response 3354, execution 125, wait 1407, io 1822
[193] creation 4641, exit 8005, response 3364, execution 0, wait 701, io 2663
[188] creation 4636, exit 8082, response 3446, execution 93, wait 1540, io 1813
[201] creation 4649, exit 8192, response 3543, execution 161, wait 1476, io 1906
[199] creation 4647, exit 8290, response 3643, execution 1, wait 722, io 2920
[202] creation 4650, exit 8310, response 3660, execution 77, wait 1135, io 2448
[200] creation 4648, exit 8328, response 3680, execution 83, wait 1269, io 2328
[204] creation 4652, exit 8353, response 3701, execution 95, wait 1169, io 2437