
[125] creation 2279, exit 2288, response 9, execution 3, wait 6, io 0
[148] creation 2289, exit 2295, response 6, execution 1, wait 5, io 0
[159] creation 2294, exit 2300, response 6, execution 1, wait 4, io 0
[170] creation 2304, exit 2350, response 46, execution 1, wait 26, io 19
[161] creation 2295, exit 2355, response 60, execution 11, wait 49, io 0
[169] creation 2303, exit 2366, response 63, execution 3, wait 33, io 27
[162] creation 2296, exit 2487, response 191, execution 36, wait 164, io 135
[168] creation 2302, exit 2377, response 75, execution 6, wait 51, io 274
[116] creation 2276, exit 2553, response 277, execution 58, wait 227, io 73
[136] creation 2283, exit 2522, response 239, execution 47, wait 204, io 102
[143] creation 2287, exit 2636, response 349, execution 1, wait 56, io 292
[167] creation 2301, exit 2604, response 303, execution 50, wait 237, io 47
[172] creation 2306, exit 2691, response 385, execution 1, wait 112, io 271
[174] creation 2308, exit 2734, response 426, execution 1, wait 96, io 331
[177] creation 2311, exit 2744, response 433, execution 1, wait 85, io 347
[114] creation 2274, exit 2751, response 477, execution 2, wait 68, io 520
[173] creation 2307, exit 2760, response 453, execution 7, wait 108, io 442
[154] creation 2292, exit 2848, response 556, execution 142, wait 424, io 15
[164] creation 2298, exit 2668, response 370, execution 62, wait 321, io 193
[171] creation 2305, exit 2747, response 442, execution 5, wait 138, io 432
[176] creation 2310, exit 2758, response 448, execution 4, wait 124, io 443
[121] creation 2278, exit 2796, response 518, execution 123, wait 418, io 87
[112] creation 2272, exit 2909, response 637, execution 10, wait 30, io 596
[175] creation 2309, exit 2892, response 583, execution 66, wait 190, io 346
[128] creation 2281, exit 2820, response 539, execution 125, wait 445, io 63
[184] creation 2318, exit 2932, response 614, execution 11, wait 146, io 470
[139] creation 2285, exit 2939, response 654, execution 1, wait 69, io 594
[179] creation 2313, exit 2957, response 644, execution 20, wait 171, io 453
[111] creation 2271, exit 2959, response 688, execution 26, wait 21, io 641
[182] creation 2316, exit 2950, response 634, execution 15, wait 163, io 466
[186] creation 2320, exit 2963, response 643, execution 11, wait 166, io 465
[194] creation 2328, exit 2953, response 625, execution 1, wait 149, io 488
[133] creation 2282, exit 2978, response 696, execution 111, wait 554, io 31
[199] creation 2333, exit 2984, response 651, execution 2, wait 159, io 490
[185] creation 2319, exit 2988, response 669, execution 19, wait 187, io 463
[183] creation 2317, exit 2998, response 681, execution 25, wait 196, io 469
[157] creation 2293, exit 3008, response 715, execution 183, wait 536, io 0
[180] creation 2314, exit 3017, response 703, execution 32, wait 211, io 465
[187] creation 2321, exit 3029, response 708, execution 1, wait 155, io 552
[165] creation 2299, exit 3050, response 751, execution 179, wait 540, io 31
[181] creation 2315, exit 3073, response 758, execution 44, wait 245, io 469
[190] creation 2324, exit 3074, response 750, execution 34, wait 243, io 474
[195] creation 2329, exit 3075, response 746, execution 25, wait 233, io 488
[166] creation 2300, exit 3162, response 862, execution 209, wait 623, io 30
[113] creation 2273, exit 3181, response 908, execution 273, wait 635, io 0
[189] creation 2323, exit 3233, response 910, execution 79, wait 366, io 465
[188] creation 2322, exit 3254, response 932, execution 2, wait 176, io 754
[178] creation 2312, exit 3266, response 954, execution 99, wait 510, io 345
[197] creation 2331, exit 3271, response 940, execution 81, wait 369, io 490
[163] creation 2297, exit 3272, response 975, execution 107, wait 560, io 307
[192] creation 2326, exit 3291, response 965, execution 99, wait 390, io 476
[200] creation 2334, exit 3294, response 960, execution 89, wait 381, io 490
[152] creation 2291, exit 3324, response 1033, execution 129, wait 595, io 308
[206] creation 2340, exit 3350, response 1010, execution 107, wait 391, io 512
[193] creation 2327, exit 3381, response 1054, execution 145, wait 436, io 473
[191] creation 2325, exit 3389, response 1064, execution 106, wait 402, io 555
[203] creation 2337, exit 3398, response 1061, execution 101, wait 489, io 471
[201] creation 2335, exit 3412, response 1077, execution 160, wait 428, io 489
[205] creation 2339, exit 3443, response 1104, execution 96, wait 408, io 600
[204] creation 2338, exit 3459, response 1121, execution 199, wait 418, io 503
[207] creation 2341, exit 3474, response 1133, execution 119, wait 379, io 634
[198] creation 2332, exit 3712, response 1380, execution 2, wait 191, io 1187
[196] creation 2330, exit 3888, response 1558, execution 2, wait 184, io 1372
[202] creation 2336, exit 4076, response 1740, execution 2, wait 184, io 1554