[125] creation 2953, exit 2964, response 11, execution 1, wait 9, io 0
[146] creation 2961, exit 2973, response 12, execution 0, wait 11, io 0
[156] creation 2965, exit 2980, response 15, execution 2, wait 9, io 19
[170] creation 2977, exit 3000, response 23, execution 0, wait 8, io 14
[159] creation 2967, exit 3045, response 78, execution 11, wait 74, io 285
[116] creation 2951, exit 3209, response 258, execution 52, wait 213, io 122
[162] creation 2969, exit 3161, response 192, execution 35, wait 168, io 166
[129] creation 2955, exit 3476, response 521, execution 122, wait 400, io 25
[121] creation 2952, exit 3458, response 506, execution 111, wait 396, io 45
[137] creation 2957, exit 3203, response 246, execution 46, wait 231, io 277
[111] creation 2946, exit 3513, response 567, execution 17, wait 18, io 531
[114] creation 2950, exit 3514, response 564, execution 5, wait 60, io 499
[143] creation 2960, exit 3345, response 385, execution 3, wait 31, io 508
[151] creation 2963, exit 3503, response 540, execution 134, wait 400, io 6
[164] creation 2971, exit 3310, response 339, execution 59, wait 277, io 32
[167] creation 2974, exit 3247, response 273, execution 46, wait 227, io 93
[112] creation 2948, exit 3518, response 570, execution 10, wait 24, io 570
[168] creation 2975, exit 3031, response 56, execution 6, wait 50, io 309
[169] creation 2976, exit 3008, response 32, execution 3, wait 37, io 324
[171] creation 2978, exit 3034, response 56, execution 3, wait 53, io 306
[172] creation 2979, exit 3008, response 29, execution 1, wait 37, io 323
[173] creation 2980, exit 3050, response 70, execution 7, wait 63, io 290
[174] creation 2981, exit 3007, response 26, execution 0, wait 15, io 10
[175] creation 2982, exit 3361, response 379, execution 65, wait 321, io 144
[176] creation 2983, exit 3034, response 51, execution 4, wait 50, io 304
[177] creation 2984, exit 3022, response 38, execution 1, wait 41, io 316
[179] creation 2986, exit 3445, response 459, execution 19, wait 110, io 388
[181] creation 2988, exit 3493, response 505, execution 40, wait 92, io 382
[139] creation 2959, exit 3576, response 617, execution 1, wait 106, io 554
[182] creation 2989, exit 3561, response 572, execution 14, wait 83, io 475
[184] creation 2991, exit 3542, response 551, execution 9, wait 94, io 473
[185] creation 2992, exit 3607, response 615, execution 19, wait 135, io 477
[186] creation 2993, exit 3586, response 593, execution 11, wait 128, io 491
[194] creation 3001, exit 3528, response 527, execution 1, wait 123, io 500
[183] creation 2990, exit 3634, response 644, execution 23, wait 157, io 469
[199] creation 3006, exit 3601, response 595, execution 3, wait 123, io 508
[113] creation 2949, exit 3819, response 870, execution 262, wait 607, io 37
[165] creation 2972, exit 3695, response 723, execution 172, wait 539, io 174
[180] creation 2987, exit 3646, response 659, execution 30, wait 168, io 672
[187] creation 2994, exit 3857, response 863, execution 3, wait 120, io 740
[153] creation 2964, exit 3695, response 731, execution 184, wait 550, io 166
[166] creation 2973, exit 3811, response 838, execution 205, wait 632, io 61
[189] creation 2996, exit 3842, response 846, execution 74, wait 302, io 490
[190] creation 2997, exit 3712, response 715, execution 31, wait 193, io 636
[195] creation 3002, exit 3729, response 727, execution 24, wait 227, io 630
[188] creation 2995, exit 3886, response 891, execution 3, wait 104, io 784
[178] creation 2985, exit 3888, response 903, execution 97, wait 442, io 364
[163] creation 2970, exit 3899, response 929, execution 106, wait 520, io 303
[197] creation 3004, exit 3900, response 896, execution 82, wait 322, io 492
[133] creation 2956, exit 3915, response 959, execution 112, wait 662, io 185
[200] creation 3007, exit 3918, response 911, execution 89, wait 330, io 492
[148] creation 2962, exit 3925, response 963, execution 123, wait 491, io 350
[192] creation 2999, exit 3926, response 927, execution 102, wait 347, io 478
[206] creation 3013, exit 3955, response 942, execution 110, wait 340, io 492
[193] creation 3000, exit 4005, response 1005, execution 149, wait 363, io 493
[201] creation 3008, exit 4027, response 1019, execution 154, wait 357, io 508
[191] creation 2998, exit 4056, response 1058, execution 116, wait 417, io 525
[204] creation 3011, exit 4077, response 1066, execution 195, wait 355, io 516
[205] creation 3012, exit 4087, response 1075, execution 96, wait 305, io 673
[203] creation 3010, exit 4097, response 1087, execution 105, wait 254, io 728
[207] creation 3014, exit 4126, response 1112, execution 123, wait 263, io 726
[198] creation 3005, exit 4306, response 1301, execution 3, wait 119, io 1179
[196] creation 3003, exit 4502, response 1499, execution 2, wait 116, io 1381
[202] creation 3009, exit 4699, response 1690, execution 2, wait 108, io 1580